HelloworldHelloworld ipsum dolor Helloworldipsum sit amet Helloworld
HelloworldipsumdolorHelloworldipsumsitametHelloworld

HelloworldipsumdolorloremipsumsitametHelloworld
